Training ['ppo', 'a2c', 'ddpg'] x seeds [0, 1, 2, 3, 4] @ 300000 steps (commission 0.2500%, val-checkpointed)
[ppo seed0] 300000 steps in 520s | best val fAPV=1.1710 (logret=0.1578) -> C:\Users\DELL\Desktop\thesis-drl-portfolio\results\models\ppo\seed0
[ppo seed1] 300000 steps in 598s | best val fAPV=1.1880 (logret=0.1723) -> C:\Users\DELL\Desktop\thesis-drl-portfolio\results\models\ppo\seed1
[ppo seed2] 300000 steps in 608s | best val fAPV=1.1960 (logret=0.1790) -> C:\Users\DELL\Desktop\thesis-drl-portfolio\results\models\ppo\seed2
[ppo seed3] 300000 steps in 21597s | best val fAPV=1.1841 (logret=0.1690) -> C:\Users\DELL\Desktop\thesis-drl-portfolio\results\models\ppo\seed3
[ppo seed4] 300000 steps in 1188s | best val fAPV=1.1869 (logret=0.1714) -> C:\Users\DELL\Desktop\thesis-drl-portfolio\results\models\ppo\seed4
[a2c seed0] 300000 steps in 307s | best val fAPV=1.2404 (logret=0.2155) -> C:\Users\DELL\Desktop\thesis-drl-portfolio\results\models\a2c\seed0
[a2c seed1] 300000 steps in 501s | best val fAPV=1.1818 (logret=0.1671) -> C:\Users\DELL\Desktop\thesis-drl-portfolio\results\models\a2c\seed1
[a2c seed2] 300000 steps in 453s | best val fAPV=1.2396 (logret=0.2148) -> C:\Users\DELL\Desktop\thesis-drl-portfolio\results\models\a2c\seed2
[a2c seed3] 300000 steps in 416s | best val fAPV=1.2391 (logret=0.2144) -> C:\Users\DELL\Desktop\thesis-drl-portfolio\results\models\a2c\seed3
[a2c seed4] 300000 steps in 411s | best val fAPV=1.2393 (logret=0.2145) -> C:\Users\DELL\Desktop\thesis-drl-portfolio\results\models\a2c\seed4
[ddpg seed0] 300000 steps in 18998s | best val fAPV=1.1349 (logret=0.1265) -> C:\Users\DELL\Desktop\thesis-drl-portfolio\results\models\ddpg\seed0
[ddpg seed1] 300000 steps in 18306s | best val fAPV=1.1220 (logret=0.1151) -> C:\Users\DELL\Desktop\thesis-drl-portfolio\results\models\ddpg\seed1
[ddpg seed2] 300000 steps in 18960s | best val fAPV=1.1163 (logret=0.1100) -> C:\Users\DELL\Desktop\thesis-drl-portfolio\results\models\ddpg\seed2
[ddpg seed3] 300000 steps in 16134s | best val fAPV=1.0457 (logret=0.0447) -> C:\Users\DELL\Desktop\thesis-drl-portfolio\results\models\ddpg\seed3
[ddpg seed4] 300000 steps in 17561s | best val fAPV=1.0798 (logret=0.0768) -> C:\Users\DELL\Desktop\thesis-drl-portfolio\results\models\ddpg\seed4

=== best-on-validation fAPV (mean +/- std over seeds) ===
  ppo  : 1.1852 +/- 0.0081  (n=5)
  a2c  : 1.2280 +/- 0.0231  (n=5)
  ddpg : 1.0998 +/- 0.0326  (n=5)
